test what
> /mnt/c/Users/heber/dev/rep/EDII-TP1/external-search/tests/frame-refresh.exe
