0
34 1 16 -1 BLACK
17 11 14 0 RED
64 -1 -1 21 RED
46 -1 -1 35 RED
57 35 21 5 RED
44 30 4 16 BLACK
81 19 10 16 BLACK
15 -1 -1 11 BLACK
21 34 38 17 BLACK
39 -1 39 30 BLACK
90 27 22 6 RED
14 24 7 1 BLACK
28 -1 -1 32 RED
86 -1 -1 27 RED
24 17 32 1 BLACK
0 -1 36 24 BLACK
74 5 6 0 RED
19 18 8 14 RED
18 -1 -1 17 BLACK
75 -1 25 6 BLACK
33 -1 -1 32 RED
65 2 29 4 BLACK
98 23 -1 10 BLACK
94 -1 -1 22 RED
5 15 28 11 RED
79 -1 -1 19 RED
82 -1 -1 27 RED
84 26 13 10 BLACK
7 -1 37 24 BLACK
66 -1 -1 21 RED
37 31 9 5 RED
35 -1 -1 30 BLACK
32 12 20 14 BLACK
53 -1 -1 35 RED
20 -1 -1 8 RED
47 3 33 4 BLACK
1 -1 -1 15 RED
13 -1 -1 28 RED
22 -1 -1 8 RED
42 -1 -1 9 RED
